[2026-07-18 20:10:03] PROCESS:agent-leak-app TOP_CPU:36.0% PS_CPU:2.5% PARSING_CPU:5.00% TOP_MEM:0.2%(42MB) PS_MEM:0.1%(42MB) PARSING_MEM:4%(25MB) DISK:1%(2.1G)  [UFW Active]
[2026-07-18 20:10:08] PROCESS:agent-leak-app TOP_CPU:0% PS_CPU:1.6% PARSING_CPU:11.51% TOP_MEM:0.0%(67MB) PS_MEM:0.2%(67MB) PARSING_MEM:9%(50MB) DISK:1%(2.1G)  [UFW Active]
[2026-07-18 20:10:12] PROCESS:agent-leak-app TOP_CPU:0% PS_CPU:1.4% PARSING_CPU:19.52% TOP_MEM:0.0%(92MB) PS_MEM:0.3%(92MB) PARSING_MEM:14%(75MB) DISK:1%(2.1G)  [UFW Active]
[2026-07-18 20:10:16] PROCESS:agent-leak-app TOP_CPU:36.0% PS_CPU:1.5% PARSING_CPU:25.49% TOP_MEM:0.6%(142MB) PS_MEM:0.5%(142MB) PARSING_MEM:24%(125MB) DISK:1%(2.1G)  [UFW Active]
[2026-07-18 20:10:21] PROCESS:agent-leak-app TOP_CPU:12.0% PS_CPU:1.5% PARSING_CPU:34.37% TOP_MEM:0.0%(167MB) PS_MEM:0.6%(167MB) PARSING_MEM:29%(150MB) DISK:1%(2.1G)  [UFW Active]
[2026-07-18 20:10:25] PROCESS:agent-leak-app TOP_CPU:72.0% PS_CPU:1.8% PARSING_CPU:40.00% TOP_MEM:0.9%(217MB) PS_MEM:0.9%(217MB) PARSING_MEM:39%(200MB) DISK:1%(2.1G)  [UFW Active] [WARNING: CPU High (관제 임계점)]
[2026-07-18 20:10:29] PROCESS:agent-leak-app TOP_CPU:0% PS_CPU:1.7% PARSING_CPU:33.85% TOP_MEM:0.0%(242MB) PS_MEM:1.0%(242MB) PARSING_MEM:43%(225MB) DISK:1%(2.1G)  [UFW Active]
[2026-07-18 20:10:33] PROCESS:agent-leak-app TOP_CPU:36.0% PS_CPU:1.7% PARSING_CPU:30.52% TOP_MEM:1.2%(292MB) PS_MEM:1.2%(292MB) PARSING_MEM:53%(275MB) DISK:1%(2.1G)  [UFW Active]
[2026-07-18 20:10:38] PROCESS:agent-leak-app TOP_CPU:24.0% PS_CPU:1.7% PARSING_CPU:18.89% TOP_MEM:1.3%(317MB) PS_MEM:1.3%(317MB) PARSING_MEM:58%(300MB) DISK:1%(2.1G)  [UFW Active]
[2026-07-18 20:10:42] PROCESS:agent-leak-app TOP_CPU:0% PS_CPU:1.6% PARSING_CPU:14.58% TOP_MEM:0.0%(342MB) PS_MEM:1.4%(342MB) PARSING_MEM:63%(325MB) DISK:1%(2.1G)  [UFW Active]
[2026-07-18 20:10:46] PROCESS:agent-leak-app TOP_CPU:24.0% PS_CPU:1.5% PARSING_CPU:13.84% TOP_MEM:1.6%(392MB) PS_MEM:1.6%(392MB) PARSING_MEM:73%(375MB) DISK:1%(2.1G)  [UFW Active]
[2026-07-18 20:10:51] PROCESS:agent-leak-app TOP_CPU:0% PS_CPU:1.5% PARSING_CPU:5.00% TOP_MEM:0.0%(417MB) PS_MEM:1.7%(417MB) PARSING_MEM:78%(400MB) DISK:1%(2.1G)  [UFW Active]
[2026-07-18 20:10:55] PROCESS:agent-leak-app TOP_CPU:24.0% PS_CPU:1.5% PARSING_CPU:7.67% TOP_MEM:1.9%(467MB) PS_MEM:1.9%(467MB) PARSING_MEM:87%(450MB) DISK:1%(2.1G)  [UFW Active] [WARNING: MEM High (관제 임계점)]
[2026-07-18 20:10:59] PROCESS:agent-leak-app TOP_CPU:24.0% PS_CPU:1.5% PARSING_CPU:18.85% TOP_MEM:2.1%(492MB) PS_MEM:2.0%(492MB) PARSING_MEM:92%(475MB) DISK:1%(2.1G)  [UFW Active] [WARNING: MEM High (관제 임계점)]
[2026-07-18 20:11:03] PROCESS:agent-leak-app TOP_CPU:0% PS_CPU:1.4% PARSING_CPU:23.61% TOP_MEM:0.0%(517MB) PS_MEM:2.1%(517MB) PARSING_MEM:97%(500MB) DISK:1%(2.1G)  [UFW Active] [WARNING: MEM High (관제 임계점)]
[2026-07-18 20:11:08] PROCESS:agent-leak-app TOP_CPU:0% PS_CPU:1.4% PARSING_CPU:27.07% TOP_MEM:0.0%(17MB) PS_MEM:0.0%(17MB) PARSING_MEM:102%(525MB) DISK:1%(2.1G)  [UFW Active] [WARNING: MEM High (관제 임계점)]
[2026-07-18 20:11:12] PROCESS:agent-leak-app TOP_CPU:72.0% PS_CPU:1.5% PARSING_CPU:38.42% TOP_MEM:0.3%(67MB) PS_MEM:0.2%(67MB) PARSING_MEM:9%(50MB) DISK:1%(2.1G)  [UFW Active] [WARNING: CPU High (관제 임계점)]
[2026-07-18 20:11:16] PROCESS:agent-leak-app TOP_CPU:80.4% PS_CPU:1.4% PARSING_CPU:39.19% TOP_MEM:0.0%(92MB) PS_MEM:0.3%(92MB) PARSING_MEM:14%(75MB) DISK:1%(2.1G)  [UFW Active] [WARNING: CPU High (관제 임계점)]
[2026-07-18 20:11:20] PROCESS:agent-leak-app TOP_CPU:0% PS_CPU:1.4% PARSING_CPU:40.00% TOP_MEM:0.0%(117MB) PS_MEM:0.4%(117MB) PARSING_MEM:19%(100MB) DISK:1%(2.1G)  [UFW Active]
[2026-07-18 20:11:25] PROCESS:agent-leak-app TOP_CPU:48.0% PS_CPU:1.5% PARSING_CPU:29.17% TOP_MEM:0.7%(167MB) PS_MEM:0.6%(167MB) PARSING_MEM:29%(150MB) DISK:1%(2.1G)  [UFW Active] [WARNING: CPU High (관제 임계점)]
[2026-07-18 20:11:29] PROCESS:agent-leak-app TOP_CPU:0% PS_CPU:1.4% PARSING_CPU:27.21% TOP_MEM:0.0%(192MB) PS_MEM:0.8%(192MB) PARSING_MEM:34%(175MB) DISK:1%(2.1G)  [UFW Active]
[2026-07-18 20:11:33] PROCESS:agent-leak-app TOP_CPU:36.0% PS_CPU:1.4% PARSING_CPU:18.13% TOP_MEM:1.0%(242MB) PS_MEM:1.0%(242MB) PARSING_MEM:43%(225MB) DISK:1%(2.1G)  [UFW Active]
[2026-07-18 20:11:38] PROCESS:agent-leak-app TOP_CPU:0% PS_CPU:1.4% PARSING_CPU:11.91% TOP_MEM:0.0%(267MB) PS_MEM:1.1%(267MB) PARSING_MEM:48%(250MB) DISK:1%(2.1G)  [UFW Active]
[2026-07-18 20:11:42] PROCESS:agent-leak-app TOP_CPU:0% PS_CPU:1.4% PARSING_CPU:9.52% TOP_MEM:0.0%(292MB) PS_MEM:1.2%(292MB) PARSING_MEM:53%(275MB) DISK:1%(2.1G)  [UFW Active]
[2026-07-18 20:11:46] PROCESS:agent-leak-app TOP_CPU:240.0% PS_CPU:1.4% PARSING_CPU:6.28% TOP_MEM:1.4%(342MB) PS_MEM:1.4%(342MB) PARSING_MEM:63%(325MB) DISK:1%(2.1G)  [UFW Active] [WARNING: CPU High (관제 임계점)]
[2026-07-18 20:11:50] PROCESS:agent-leak-app TOP_CPU:0% PS_CPU:1.4% PARSING_CPU:7.98% TOP_MEM:0.0%(367MB) PS_MEM:1.5%(367MB) PARSING_MEM:68%(350MB) DISK:1%(2.1G)  [UFW Active]
[2026-07-18 20:11:55] PROCESS:agent-leak-app TOP_CPU:24.0% PS_CPU:1.4% PARSING_CPU:16.68% TOP_MEM:1.7%(417MB) PS_MEM:1.7%(417MB) PARSING_MEM:78%(400MB) DISK:1%(2.1G)  [UFW Active]
[2026-07-18 20:11:59] PROCESS:agent-leak-app TOP_CPU:36.0% PS_CPU:1.4% PARSING_CPU:32.85% TOP_MEM:1.8%(442MB) PS_MEM:1.8%(442MB) PARSING_MEM:83%(425MB) DISK:1%(2.1G)  [UFW Active] [WARNING: MEM High (관제 임계점)]
[2026-07-18 20:12:03] PROCESS:agent-leak-app TOP_CPU:12.0% PS_CPU:1.4% PARSING_CPU:40.00% TOP_MEM:0.0%(492MB) PS_MEM:2.0%(492MB) PARSING_MEM:92%(475MB) DISK:1%(2.1G)  [UFW Active] [WARNING: MEM High (관제 임계점)]
[2026-07-18 20:12:08] PROCESS:agent-leak-app TOP_CPU:36.0% PS_CPU:1.4% PARSING_CPU:33.83% TOP_MEM:2.2%(517MB) PS_MEM:2.1%(517MB) PARSING_MEM:97%(500MB) DISK:1%(2.1G)  [UFW Active] [WARNING: MEM High (관제 임계점)]
[2026-07-18 20:12:12] PROCESS:agent-leak-app TOP_CPU:0% PS_CPU:1.4% PARSING_CPU:26.53% TOP_MEM:0.0%(117MB) PS_MEM:0.4%(117MB) PARSING_MEM:102%(525MB) DISK:1%(2.1G)  [UFW Active] [WARNING: MEM High (관제 임계점)]
[2026-07-18 20:12:16] PROCESS:agent-leak-app TOP_CPU:0% PS_CPU:1.4% PARSING_CPU:16.60% TOP_MEM:0.0%(117MB) PS_MEM:0.4%(117MB) PARSING_MEM:4%(25MB) DISK:1%(2.1G)  [UFW Active]
[2026-07-18 20:12:21] PROCESS:agent-leak-app TOP_CPU:12.0% PS_CPU:1.4% PARSING_CPU:10.61% TOP_MEM:0.5%(117MB) PS_MEM:0.4%(117MB) PARSING_MEM:14%(75MB) DISK:1%(2.1G)  [UFW Active]
[2026-07-18 20:12:25] PROCESS:agent-leak-app TOP_CPU:0% PS_CPU:1.4% PARSING_CPU:10.53% TOP_MEM:0.0%(117MB) PS_MEM:0.4%(117MB) PARSING_MEM:19%(100MB) DISK:1%(2.1G)  [UFW Active]
[2026-07-18 20:12:29] PROCESS:agent-leak-app TOP_CPU:0% PS_CPU:1.3% PARSING_CPU:5.00% TOP_MEM:0.0%(142MB) PS_MEM:0.5%(142MB) PARSING_MEM:24%(125MB) DISK:1%(2.1G)  [UFW Active]
[2026-07-18 20:12:33] PROCESS:agent-leak-app TOP_CPU:24.0% PS_CPU:1.3% PARSING_CPU:14.81% TOP_MEM:0.8%(192MB) PS_MEM:0.8%(192MB) PARSING_MEM:34%(175MB) DISK:1%(2.1G)  [UFW Active]
[2026-07-18 20:12:38] PROCESS:agent-leak-app TOP_CPU:0% PS_CPU:1.3% PARSING_CPU:22.79% TOP_MEM:0.0%(217MB) PS_MEM:0.9%(217MB) PARSING_MEM:39%(200MB) DISK:1%(2.1G)  [UFW Active]
[2026-07-18 20:12:42] PROCESS:agent-leak-app TOP_CPU:70.8% PS_CPU:1.3% PARSING_CPU:38.72% TOP_MEM:1.1%(267MB) PS_MEM:1.1%(267MB) PARSING_MEM:48%(250MB) DISK:1%(2.1G)  [UFW Active] [WARNING: CPU High (관제 임계점)]
[2026-07-18 20:12:46] PROCESS:agent-leak-app TOP_CPU:0% PS_CPU:1.3% PARSING_CPU:40.00% TOP_MEM:0.0%(292MB) PS_MEM:1.2%(292MB) PARSING_MEM:53%(275MB) DISK:1%(2.1G)  [UFW Active]
[2026-07-18 20:12:51] PROCESS:agent-leak-app TOP_CPU:0% PS_CPU:1.3% PARSING_CPU:31.98% TOP_MEM:0.0%(317MB) PS_MEM:1.3%(317MB) PARSING_MEM:58%(300MB) DISK:1%(2.1G)  [UFW Active]
[2026-07-18 20:12:55] PROCESS:agent-leak-app TOP_CPU:48.0% PS_CPU:1.4% PARSING_CPU:17.67% TOP_MEM:1.5%(367MB) PS_MEM:1.5%(367MB) PARSING_MEM:68%(350MB) DISK:1%(2.1G)  [UFW Active] [WARNING: CPU High (관제 임계점)]
[2026-07-18 20:12:59] PROCESS:agent-leak-app TOP_CPU:0% PS_CPU:1.3% PARSING_CPU:13.82% TOP_MEM:0.0%(392MB) PS_MEM:1.6%(392MB) PARSING_MEM:73%(375MB) DISK:1%(2.1G)  [UFW Active]
[2026-07-18 20:13:04] [SUCCESS] 🎯 지정된 타임아웃(180초) 도달! 앱이 뻗지 않고 무사히 생존했습니다. (방어 성공)
[2026-07-18 20:13:03] PROCESS:agent-leak-app TOP_CPU:0% PS_CPU:0.0% PARSING_CPU:5.00% TOP_MEM:0.0%(0MB) PS_MEM:0.0%(0MB) PARSING_MEM:78%(400MB) DISK:1%(2.1G)  [UFW Active]
